traversal(2, code:1)
├┬(0, code:10)
││Hi!
│├┬(1, code:101)
│││Hi!
│Hi!
├┬(3, code:11)
││Hi!
│├┬(5, code:111)
││├┬(4, code:1110)
││││Hi!
│││Hi!
