fib(n:4)
├┬(n:3)
│├┬(n:2)
││├┬(n:1)
│││└ 1
││├┬(n:0)
│││└ 1
││└ 2
│├┬(n:1)
││└ 1
│└ 3
├┬(n:2)
│├┬(n:1)
││└ 1
│├┬(n:0)
││└ 1
│└ 2
└ 5
5
