gcd(x:15, y:42)
├┬(x:15, y:12)
│├┬(x:12, y:3)
││├┬(x:3, y:0)
│││└ 3
││└ 3
│└ 3
└ 3
3
