generic_gcd(a:48, b:18)
├┬(a:18, b:12)
│├┬(a:12, b:6)
││├┬(a:6, b:0)
6
generic_gcd(a:48, b:18)
├┬(a:18, b:12)
│├┬(a:12, b:6)
││├┬(a:6, b:0)
6
