test_basic(print_me:42)
├┬(print_me:52)
│├┬(print_me:62)
││├┬(print_me:72)
││││Bang!
45
