public_factorial(n:5)
├┬(n:4)
│├┬(n:3)
││├┬(n:2)
│││├┬(n:1)
││││└ 1
│││└ 2
││└ 6
│└ 24
└ 120
120
