countdown_limited(n:3)
├┬(n:2)
│├┬(n:1)
││├┬(n:0)
