sum(a=[5, 2, 6, 3, 6, 3, 9])
├┬(a=[5, 2, 6])
│├┬(a=[5])
││└ 5
│├┬(a=[2, 6])
││├┬(a=[2])
│││└ 2
││├┬(a=[6])
│││└ 6
││└ 8
│└ 13
├┬(a=[3, 6, 3, 9])
│├┬(a=[3, 6])
││├┬(a=[3])
│││└ 3
││├┬(a=[6])
│││└ 6
││└ 9
│├┬(a=[3, 9])
││├┬(a=[3])
│││└ 3
││├┬(a=[9])
│││└ 9
││└ 12
│└ 21
└ 34
34
