unsafe_sum(len:5)
├┬(len:4)
│├┬(len:3)
││├┬(len:2)
│││├┬(len:1)
││││├┬(len:0)
│││││└ 0
││││└ 5
│││└ 9
││└ 12
│└ 14
└ 15
15
